
> birajdar@0.1.0 build
> next build

Γû▓ Next.js 16.2.2 (Turbopack)
- Environments: .env.local

  Creating an optimized production build ...
Γ£ô Compiled successfully in 1830ms
  Running TypeScript ...
  Finished TypeScript in 1606ms ...
  Collecting page data using 6 workers ...
  Generating static pages using 6 workers (0/5) ...
  Generating static pages using 6 workers (1/5) 
  Generating static pages using 6 workers (2/5) 
  Generating static pages using 6 workers (3/5) 
Γ£ô Generating static pages using 6 workers (5/5) in 440ms
  Finalizing page optimization ...

Route (app)
Γöî Γùï /
Γö£ Γùï /_not-found
Γöö ╞Æ /api/chat


Γùï  (Static)   prerendered as static content
╞Æ  (Dynamic)  server-rendered on demand

